tail: cannot open '/data/user/0/hev.sockstun/cache/tunnel.log' for reading: No such file or directory
